XXXXX
XXTXX
XXXXX
XXAXX
XXXXX

XXXXX
XXTXX
XXTXX
XXTXX
XXXXX

XXXXX
XTXXX
XXAXX
XXAXX
XXXXX

XXXAX
XXTXX
XXTXX
XTTTX
TTXTX

